epack - Evidence Pack Builder

This is epack-core (pack operations only).
For collectors and tools, install the full version.

Quick Start:

  # Build a pack from artifacts
  epack build evidence.epack ./data/*.json --stream myorg/prod

  # Sign the pack (opens browser for authentication)
  epack sign evidence.epack

  # Verify pack integrity and attestations
  epack verify evidence.epack

  # Inspect pack contents
  epack inspect evidence.epack

Commands:
  build      Build an evidence pack from artifacts
  sign       Sign an evidence pack
  verify     Verify pack integrity and attestations
  inspect    Show pack contents and metadata
  list       List pack artifacts, attestations, or sources
  extract    Extract artifacts from a pack
  merge      Merge multiple packs into one
  diff       Compare two packs
  jobs       List background jobs

Run epack <command> --help for detailed usage.
